// Jest Snapshot v1, https://goo.gl/fbAQLP

exports[`CalendarHead.ts should render component and match snapshot 1`] = `
<div class="flex relative items-center py-2"><button class="flex justify-center items-center w-8 h-8 bg-transparent hover:bg-gray-200 rounded-full border-transparent hover:border-blue-100 cursor-pointer"><svg width="20px" height="20px" viewBox="0 0 20 20">
      <path d="M13.1,5.6c0,0.1,0,0.2-0.1,0.2L8.8,10l4.1,4.1c0.1,0.1,0.1,0.2,0.1,0.2c0,0.1,0,0.2-0.1,0.2l-0.5,0.5 c-0.1,0.1-0.2,0.1-0.2,0.1c-0.1,0-0.2,0-0.2-0.1L7,10.2C7,10.2,6.9,10.1,6.9,10S7,9.8,7,9.8l4.9-4.9c0.1-0.1,0.2-0.1,0.2-0.1 c0.1,0,0.2,0,0.2,0.1L13,5.4C13,5.5,13.1,5.5,13.1,5.6L13.1,5.6z"></path>
    </svg></button>
  <div class="flex-1 flex relative overflow-hidden">
    <transition-stub name="transition-slide">
      <div class="text-center w-full duration-300">May 2021</div>
    </transition-stub>
  </div><button class="flex justify-center items-center w-8 h-8 bg-transparent hover:bg-gray-200 rounded-full border-transparent hover:border-blue-100 cursor-pointer"><svg width="20px" height="20px" viewBox="0 0 20 20">
      <path d="M13.1,10c0,0.1,0,0.2-0.1,0.2l-4.9,4.9c-0.1,0.1-0.2,0.1-0.2,0.1c-0.1,0-0.2,0-0.2-0.1L7,14.6c-0.1-0.1-0.1-0.1-0.1-0.2 c0-0.1,0-0.2,0.1-0.2l4.1-4.1L7,5.9C7,5.8,6.9,5.7,6.9,5.6S7,5.5,7,5.4l0.5-0.5c0.1-0.1,0.2-0.1,0.2-0.1c0.1,0,0.2,0,0.2,0.1L13,9.8 C13,9.8,13.1,9.9,13.1,10L13.1,10z"></path>
    </svg></button>
</div>
`;
